\BOOKMARK [1][-]{section.1}{\376\377\000F\000o\000r\000m\000u\000l\000a\000s}{}% 1
\BOOKMARK [1][-]{section.2}{\376\377\000I\000n\000s\000e\000r\000t\000i\000o\000n\000\040\000o\000f\000\040\000p\000i\000c\000t\000u\000r\000e\000s}{}% 2
\BOOKMARK [1][-]{section.3}{\376\377\000S\000h\000e\000e\000t}{}% 3
\BOOKMARK [1][-]{section*.2}{\376\377\000R\000e\000f\000e\000r\000e\000n\000c\000e\000s}{}% 4
